// Jest Snapshot v1, https://goo.gl/fbAQLP

exports[`<MuBudgetsTable /> should render and match the snapshot 1`] = `
<table
  class="my-budget__table-component"
>
  <thead>
    <tr>
      <td>
        Year
      </td>
      <td>
        Month
      </td>
      <td>
        Value
      </td>
    </tr>
  </thead>
  <tbody>
    <tr>
      <td>
        2021
      </td>
      <td>
        January
      </td>
      <td>
        500
      </td>
    </tr>
    <tr>
      <td>
        2021
      </td>
      <td>
        February
      </td>
      <td>
        500
      </td>
    </tr>
  </tbody>
</table>
`;
