// Jest Snapshot v1, https://goo.gl/fbAQLP

exports[`<DefineBudgetPage /> should render and match the snapshot 1`] = `
<React.Fragment>
  <Helmet
    defer={true}
    encodeSpecialCharacters={true}
  >
    <title>
      Define budget
    </title>
    <meta
      name="Define budget page"
    />
  </Helmet>
  <NavBar />
  <PageWrapper>
    <FlexContainer>
      <ColumnsContainer>
        <H1>
          Define budget
        </H1>
        <form>
          <FormGroup>
            <Label>
              Current budget value is 
              500
               EUR
            </Label>
          </FormGroup>
          <FormGroup>
            <Label>
              Budget value
            </Label>
            <Input
              min="0"
              type="number"
            />
          </FormGroup>
          <FormGroup>
            <SubmitButton
              type="button"
            >
              Submit
            </SubmitButton>
            <CancelButton
              href="/"
            >
              Cancel
            </CancelButton>
          </FormGroup>
        </form>
      </ColumnsContainer>
    </FlexContainer>
  </PageWrapper>
</React.Fragment>
`;
