// Jest Snapshot v1, https://goo.gl/fbAQLP

exports[`<MyBudgetsPage /> should render and match the snapshot 1`] = `
<React.Fragment>
  <Helmet
    defer={true}
    encodeSpecialCharacters={true}
  >
    <title>
      My budgets
    </title>
    <meta
      name="My budgets"
    />
  </Helmet>
  <NavBar />
  <PageWrapper>
    <FlexContainer>
      <ColumnsContainer>
        <H1>
          My budgets
        </H1>
        <MyBudgetsTable
          budgets={
            Array [
              Object {
                "month": "January",
                "value": 500,
                "year": 2021,
              },
              Object {
                "month": "February",
                "value": 500,
                "year": 2021,
              },
            ]
          }
        />
      </ColumnsContainer>
    </FlexContainer>
  </PageWrapper>
</React.Fragment>
`;
