// Jest Snapshot v1, https://goo.gl/fbAQLP

exports[`<HomePage /> should render and match the snapshot 1`] = `
<React.Fragment>
  <Helmet
    defer={true}
    encodeSpecialCharacters={true}
  >
    <title>
      Home
    </title>
    <meta
      name="Home page"
    />
  </Helmet>
  <NavBar />
  <PageWrapper>
    <FlexContainer>
      <ColumnsContainer>
        <H1>
          Dashboard
        </H1>
        <State
          budget={500}
          charges={100}
        />
        <ChargesHistory
          charges={
            Array [
              Object {
                "x": "01.01.2021",
                "y": 2,
              },
              Object {
                "x": "02.01.2021",
                "y": 3,
              },
              Object {
                "x": "03.01.2021",
                "y": 5,
              },
              Object {
                "x": "04.01.2021",
                "y": 4,
              },
              Object {
                "x": "05.01.2021",
                "y": 6,
              },
            ]
          }
        />
        <ChargesTypes
          charges={
            Array [
              Object {
                "x": "Food",
                "y": 120,
              },
              Object {
                "x": "Transport",
                "y": 55,
              },
            ]
          }
        />
      </ColumnsContainer>
    </FlexContainer>
  </PageWrapper>
</React.Fragment>
`;
